Flow report for DE2_Media_Computer
Thu Mar 20 15:38:26 2014
Quartus II 64-Bit Version 11.1 Build 259 01/25/2012 Service Pack 2 SJ Full Version


---------------------
; Table of Contents ;
---------------------
  1. Legal Notice
  2. Flow Summary
  3. Flow Settings
  4. Flow Non-Default Global Settings
  5. Flow Elapsed Time
  6. Flow OS Summary
  7. Flow Log



----------------
; Legal Notice ;
----------------
Copyright (C) 1991-2011 Altera Corporation
Your use of Altera Corporation's design tools, logic functions 
and other software and tools, and its AMPP partner logic 
functions, and any output files from any of the foregoing 
(including device programming or simulation files), and any 
associated documentation or information are expressly subject 
to the terms and conditions of the Altera Program License 
Subscription Agreement, Altera MegaCore Function License 
Agreement, or other applicable license agreement, including, 
without limitation, that your use is for the sole purpose of 
programming logic devices manufactured by Altera and sold by 
Altera or its authorized distributors.  Please refer to the 
applicable agreement for further details.



+-------------------------------------------------------------------------------------+
; Flow Summary                                                                        ;
+------------------------------------+------------------------------------------------+
; Flow Status                        ; Successful - Thu Mar 20 15:38:03 2014          ;
; Quartus II 64-Bit Version          ; 11.1 Build 259 01/25/2012 SP 2 SJ Full Version ;
; Revision Name                      ; DE2_Media_Computer                             ;
; Top-level Entity Name              ; DE2_Media_Computer                             ;
; Family                             ; Cyclone II                                     ;
; Device                             ; EP2C35F672C6                                   ;
; Timing Models                      ; Final                                          ;
; Total logic elements               ; 16,325 / 33,216 ( 49 % )                       ;
;     Total combinational functions  ; 14,072 / 33,216 ( 42 % )                       ;
;     Dedicated logic registers      ; 10,551 / 33,216 ( 32 % )                       ;
; Total registers                    ; 10945                                          ;
; Total pins                         ; 322 / 475 ( 68 % )                             ;
; Total virtual pins                 ; 0                                              ;
; Total memory bits                  ; 187,836 / 483,840 ( 39 % )                     ;
; Embedded Multiplier 9-bit elements ; 11 / 70 ( 16 % )                               ;
; Total PLLs                         ; 2 / 4 ( 50 % )                                 ;
+------------------------------------+------------------------------------------------+


+-----------------------------------------+
; Flow Settings                           ;
+-------------------+---------------------+
; Option            ; Setting             ;
+-------------------+---------------------+
; Start date & time ; 03/20/2014 15:28:37 ;
; Main task         ; Compilation         ;
; Revision Name     ; DE2_Media_Computer  ;
+-------------------+---------------------+


+--------------------------------------------------------------------------------------------------------------------------------------------------------------------------------------------------------+
; Flow Non-Default Global Settings                                                                                                                                                                       ;
+-------------------------------------+-----------------------------------------------------------------------------------------------------------------------+---------------+-------------+------------+
; Assignment Name                     ; Value                                                                                                                 ; Default Value ; Entity Name ; Section Id ;
+-------------------------------------+-----------------------------------------------------------------------------------------------------------------------+---------------+-------------+------------+
; COMPILER_SIGNATURE_ID               ; 156980625732.139534371701188                                                                                          ; --            ; --          ; --         ;
; FMAX_REQUIREMENT                    ; 50 MHz                                                                                                                ; --            ; --          ; --         ;
; IGNORE_CLOCK_SETTINGS               ; On                                                                                                                    ; Off           ; --          ; --         ;
; IP_TOOL_ENV                         ; sopc                                                                                                                  ; --            ; nios_system ; --         ;
; IP_TOOL_NAME                        ; RAM: 2-PORT                                                                                                           ; --            ; --          ; --         ;
; IP_TOOL_NAME                        ; sopc                                                                                                                  ; --            ; nios_system ; --         ;
; IP_TOOL_VERSION                     ; 8.0                                                                                                                   ; --            ; --          ; --         ;
; IP_TOOL_VERSION                     ; 11.1sp2                                                                                                               ; --            ; nios_system ; --         ;
; MISC_FILE                           ; c:/altera/11.1/ip/University_Program/Memory/altera_up_sd_card_avalon_interface/hdl/Altera_UP_SD_Card_Memory_Block.bsf ; --            ; --          ; --         ;
; MISC_FILE                           ; c:/altera/11.1/ip/University_Program/Memory/altera_up_sd_card_avalon_interface/hdl/Altera_UP_SD_Card_Memory_Block.cmp ; --            ; --          ; --         ;
; PARTITION_COLOR                     ; 2147039                                                                                                               ; --            ; --          ; Top        ;
; PARTITION_FITTER_PRESERVATION_LEVEL ; PLACEMENT_AND_ROUTING                                                                                                 ; --            ; --          ; Top        ;
; PARTITION_NETLIST_TYPE              ; SOURCE                                                                                                                ; --            ; --          ; Top        ;
; SOPC_BUILDER_SIGNATURE_ID           ; 00248CC6414400000144E0C22823                                                                                          ; --            ; --          ; --         ;
+-------------------------------------+-----------------------------------------------------------------------------------------------------------------------+---------------+-------------+------------+


+-------------------------------------------------------------------------------------------------------------------------------+
; Flow Elapsed Time                                                                                                             ;
+---------------------------+--------------+-------------------------+---------------------+------------------------------------+
; Module Name               ; Elapsed Time ; Average Processors Used ; Peak Virtual Memory ; Total CPU Time (on all processors) ;
+---------------------------+--------------+-------------------------+---------------------+------------------------------------+
; Analysis & Synthesis      ; 00:06:10     ; 1.0                     ; 732 MB              ; 00:04:00                           ;
; Fitter                    ; 00:01:42     ; 1.9                     ; 812 MB              ; 00:02:11                           ;
; Assembler                 ; 00:00:10     ; 1.0                     ; 484 MB              ; 00:00:06                           ;
; TimeQuest Timing Analyzer ; 00:00:34     ; 1.7                     ; 659 MB              ; 00:00:25                           ;
; Total                     ; 00:08:36     ; --                      ; --                  ; 00:06:42                           ;
+---------------------------+--------------+-------------------------+---------------------+------------------------------------+


+----------------------------------------------------------------------------------------+
; Flow OS Summary                                                                        ;
+---------------------------+------------------+-----------+------------+----------------+
; Module Name               ; Machine Hostname ; OS Name   ; OS Version ; Processor type ;
+---------------------------+------------------+-----------+------------+----------------+
; Analysis & Synthesis      ; BA3165WS01       ; Windows 7 ; 6.1        ; x86_64         ;
; Fitter                    ; BA3165WS01       ; Windows 7 ; 6.1        ; x86_64         ;
; Assembler                 ; BA3165WS01       ; Windows 7 ; 6.1        ; x86_64         ;
; TimeQuest Timing Analyzer ; BA3165WS01       ; Windows 7 ; 6.1        ; x86_64         ;
+---------------------------+------------------+-----------+------------+----------------+


------------
; Flow Log ;
------------
quartus_map --read_settings_files=on --write_settings_files=off DE2_Media_Computer -c DE2_Media_Computer
quartus_fit --read_settings_files=off --write_settings_files=off DE2_Media_Computer -c DE2_Media_Computer
quartus_asm --read_settings_files=off --write_settings_files=off DE2_Media_Computer -c DE2_Media_Computer
quartus_sta DE2_Media_Computer -c DE2_Media_Computer



